1786642344.640815 client started (7039): version 3.6, socket /tmp/tmux-1000/default, protocol 8
1786642344.641950 on Linux 6.18.33.2-microsoft-standard-WSL2 #1 SMP PREEMPT_DYNAMIC Thu Jun 18 21:54:43 UTC 2026
1786642344.643132 using libevent 2.1.12-stable poll
1786642344.644305 using ncurses 6.6 20251231
1786642344.645221 flags are 0x18010000
1786642344.646028 socket is /tmp/tmux-1000/default
1786642344.646854 trying connect
1786642344.647587 add peer 0x7b361fc7e0e0: 6 ((nil))
1786642344.672641 sending message 111 to peer 0x7b361fc7e0e0 (8 bytes)
1786642344.673471 sending message 111 to peer 0x7b361fc7e0e0 (8 bytes)
1786642344.675913 sending message 101 to peer 0x7b361fc7e0e0 (15 bytes)
1786642344.676625 sending message 109 to peer 0x7b361fc7e0e0 (4 bytes)
1786642344.677437 sending message 102 to peer 0x7b361fc7e0e0 (11 bytes)
1786642344.678108 sending message 108 to peer 0x7b361fc7e0e0 (39 bytes)
1786642344.678887 sending message 112 to peer 0x7b361fc7e0e0 (58 bytes)
1786642344.679440 sending message 112 to peer 0x7b361fc7e0e0 (5 bytes)
1786642344.680531 sending message 112 to peer 0x7b361fc7e0e0 (5 bytes)
1786642344.682246 sending message 112 to peer 0x7b361fc7e0e0 (6 bytes)
1786642344.683582 sending message 112 to peer 0x7b361fc7e0e0 (6 bytes)
1786642344.684281 sending message 112 to peer 0x7b361fc7e0e0 (11 bytes)
1786642344.684783 sending message 112 to peer 0x7b361fc7e0e0 (10 bytes)
1786642344.685275 sending message 112 to peer 0x7b361fc7e0e0 (13 bytes)
1786642344.686117 sending message 112 to peer 0x7b361fc7e0e0 (14 bytes)
1786642344.686791 sending message 112 to peer 0x7b361fc7e0e0 (19 bytes)
1786642344.687397 sending message 112 to peer 0x7b361fc7e0e0 (11 bytes)
1786642344.688273 sending message 112 to peer 0x7b361fc7e0e0 (10 bytes)
1786642344.689297 sending message 112 to peer 0x7b361fc7e0e0 (15 bytes)
1786642344.690050 sending message 112 to peer 0x7b361fc7e0e0 (21 bytes)
1786642344.690495 sending message 112 to peer 0x7b361fc7e0e0 (13 bytes)
1786642344.691087 sending message 112 to peer 0x7b361fc7e0e0 (7 bytes)
1786642344.691977 sending message 112 to peer 0x7b361fc7e0e0 (13 bytes)
1786642344.692828 sending message 112 to peer 0x7b361fc7e0e0 (7 bytes)
1786642344.693494 sending message 112 to peer 0x7b361fc7e0e0 (13 bytes)
1786642344.693990 sending message 112 to peer 0x7b361fc7e0e0 (9 bytes)
1786642344.694526 sending message 112 to peer 0x7b361fc7e0e0 (21 bytes)
1786642344.694979 sending message 112 to peer 0x7b361fc7e0e0 (13 bytes)
1786642344.695434 sending message 112 to peer 0x7b361fc7e0e0 (9 bytes)
1786642344.696231 sending message 112 to peer 0x7b361fc7e0e0 (16 bytes)
1786642344.696989 sending message 112 to peer 0x7b361fc7e0e0 (13 bytes)
1786642344.697816 sending message 112 to peer 0x7b361fc7e0e0 (9 bytes)
1786642344.698597 sending message 112 to peer 0x7b361fc7e0e0 (9 bytes)
1786642344.699258 sending message 112 to peer 0x7b361fc7e0e0 (12 bytes)
1786642344.699904 sending message 112 to peer 0x7b361fc7e0e0 (8 bytes)
1786642344.700693 sending message 112 to peer 0x7b361fc7e0e0 (8 bytes)
1786642344.701447 sending message 112 to peer 0x7b361fc7e0e0 (13 bytes)
1786642344.702079 sending message 112 to peer 0x7b361fc7e0e0 (7 bytes)
1786642344.703074 sending message 112 to peer 0x7b361fc7e0e0 (7 bytes)
1786642344.704494 sending message 112 to peer 0x7b361fc7e0e0 (9 bytes)
1786642344.705801 sending message 112 to peer 0x7b361fc7e0e0 (9 bytes)
1786642344.707319 sending message 112 to peer 0x7b361fc7e0e0 (15 bytes)
1786642344.708638 sending message 112 to peer 0x7b361fc7e0e0 (13 bytes)
1786642344.709915 sending message 112 to peer 0x7b361fc7e0e0 (12 bytes)
1786642344.710846 sending message 112 to peer 0x7b361fc7e0e0 (8 bytes)
1786642344.712051 sending message 112 to peer 0x7b361fc7e0e0 (14 bytes)
1786642344.713430 sending message 112 to peer 0x7b361fc7e0e0 (11 bytes)
1786642344.714104 sending message 112 to peer 0x7b361fc7e0e0 (9 bytes)
1786642344.715140 sending message 112 to peer 0x7b361fc7e0e0 (10 bytes)
1786642344.716399 sending message 112 to peer 0x7b361fc7e0e0 (10 bytes)
1786642344.718125 sending message 112 to peer 0x7b361fc7e0e0 (10 bytes)
1786642344.719244 sending message 112 to peer 0x7b361fc7e0e0 (10 bytes)
1786642344.719908 sending message 112 to peer 0x7b361fc7e0e0 (11 bytes)
1786642344.720374 sending message 112 to peer 0x7b361fc7e0e0 (12 bytes)
1786642344.720821 sending message 112 to peer 0x7b361fc7e0e0 (12 bytes)
1786642344.721305 sending message 112 to peer 0x7b361fc7e0e0 (12 bytes)
1786642344.721930 sending message 112 to peer 0x7b361fc7e0e0 (12 bytes)
1786642344.722774 sending message 112 to peer 0x7b361fc7e0e0 (12 bytes)
1786642344.723820 sending message 112 to peer 0x7b361fc7e0e0 (11 bytes)
1786642344.724721 sending message 112 to peer 0x7b361fc7e0e0 (11 bytes)
1786642344.725608 sending message 112 to peer 0x7b361fc7e0e0 (12 bytes)
1786642344.726658 sending message 112 to peer 0x7b361fc7e0e0 (12 bytes)
1786642344.727730 sending message 112 to peer 0x7b361fc7e0e0 (12 bytes)
1786642344.728844 sending message 112 to peer 0x7b361fc7e0e0 (12 bytes)
1786642344.730023 sending message 112 to peer 0x7b361fc7e0e0 (12 bytes)
1786642344.731889 sending message 112 to peer 0x7b361fc7e0e0 (9 bytes)
1786642344.732844 sending message 112 to peer 0x7b361fc7e0e0 (12 bytes)
1786642344.733807 sending message 112 to peer 0x7b361fc7e0e0 (13 bytes)
1786642344.735051 sending message 112 to peer 0x7b361fc7e0e0 (13 bytes)
1786642344.735768 sending message 112 to peer 0x7b361fc7e0e0 (13 bytes)
1786642344.736859 sending message 112 to peer 0x7b361fc7e0e0 (13 bytes)
1786642344.737643 sending message 112 to peer 0x7b361fc7e0e0 (13 bytes)
1786642344.738439 sending message 112 to peer 0x7b361fc7e0e0 (8 bytes)
1786642344.739431 sending message 112 to peer 0x7b361fc7e0e0 (11 bytes)
1786642344.740513 sending message 112 to peer 0x7b361fc7e0e0 (11 bytes)
1786642344.741831 sending message 112 to peer 0x7b361fc7e0e0 (11 bytes)
1786642344.742870 sending message 112 to peer 0x7b361fc7e0e0 (12 bytes)
1786642344.743795 sending message 112 to peer 0x7b361fc7e0e0 (12 bytes)
1786642344.744461 sending message 112 to peer 0x7b361fc7e0e0 (12 bytes)
1786642344.745188 sending message 112 to peer 0x7b361fc7e0e0 (12 bytes)
1786642344.745966 sending message 112 to peer 0x7b361fc7e0e0 (13 bytes)
1786642344.748110 sending message 112 to peer 0x7b361fc7e0e0 (13 bytes)
1786642344.749320 sending message 112 to peer 0x7b361fc7e0e0 (13 bytes)
1786642344.750254 sending message 112 to peer 0x7b361fc7e0e0 (8 bytes)
1786642344.751028 sending message 112 to peer 0x7b361fc7e0e0 (13 bytes)
1786642344.751913 sending message 112 to peer 0x7b361fc7e0e0 (13 bytes)
1786642344.752926 sending message 112 to peer 0x7b361fc7e0e0 (13 bytes)
1786642344.754142 sending message 112 to peer 0x7b361fc7e0e0 (13 bytes)
1786642344.755098 sending message 112 to peer 0x7b361fc7e0e0 (13 bytes)
1786642344.755958 sending message 112 to peer 0x7b361fc7e0e0 (12 bytes)
1786642344.756765 sending message 112 to peer 0x7b361fc7e0e0 (12 bytes)
1786642344.757757 sending message 112 to peer 0x7b361fc7e0e0 (12 bytes)
1786642344.758406 sending message 112 to peer 0x7b361fc7e0e0 (12 bytes)
1786642344.759332 sending message 112 to peer 0x7b361fc7e0e0 (13 bytes)
1786642344.760205 sending message 112 to peer 0x7b361fc7e0e0 (8 bytes)
1786642344.760951 sending message 112 to peer 0x7b361fc7e0e0 (13 bytes)
1786642344.761665 sending message 112 to peer 0x7b361fc7e0e0 (13 bytes)
1786642344.762325 sending message 112 to peer 0x7b361fc7e0e0 (13 bytes)
1786642344.763565 sending message 112 to peer 0x7b361fc7e0e0 (13 bytes)
1786642344.764356 sending message 112 to peer 0x7b361fc7e0e0 (13 bytes)
1786642344.765030 sending message 112 to peer 0x7b361fc7e0e0 (13 bytes)
1786642344.765907 sending message 112 to peer 0x7b361fc7e0e0 (13 bytes)
1786642344.766436 sending message 112 to peer 0x7b361fc7e0e0 (12 bytes)
1786642344.766930 sending message 112 to peer 0x7b361fc7e0e0 (12 bytes)
1786642344.767872 sending message 112 to peer 0x7b361fc7e0e0 (12 bytes)
1786642344.768366 sending message 112 to peer 0x7b361fc7e0e0 (8 bytes)
1786642344.769224 sending message 112 to peer 0x7b361fc7e0e0 (12 bytes)
1786642344.769889 sending message 112 to peer 0x7b361fc7e0e0 (13 bytes)
1786642344.770653 sending message 112 to peer 0x7b361fc7e0e0 (13 bytes)
1786642344.771511 sending message 112 to peer 0x7b361fc7e0e0 (13 bytes)
1786642344.772442 sending message 112 to peer 0x7b361fc7e0e0 (13 bytes)
1786642344.773320 sending message 112 to peer 0x7b361fc7e0e0 (13 bytes)
1786642344.774040 sending message 112 to peer 0x7b361fc7e0e0 (13 bytes)
1786642344.775056 sending message 112 to peer 0x7b361fc7e0e0 (13 bytes)
1786642344.775754 sending message 112 to peer 0x7b361fc7e0e0 (13 bytes)
1786642344.776442 sending message 112 to peer 0x7b361fc7e0e0 (12 bytes)
1786642344.777397 sending message 112 to peer 0x7b361fc7e0e0 (10 bytes)
1786642344.778539 sending message 112 to peer 0x7b361fc7e0e0 (12 bytes)
1786642344.779346 sending message 112 to peer 0x7b361fc7e0e0 (12 bytes)
1786642344.780354 sending message 112 to peer 0x7b361fc7e0e0 (12 bytes)
1786642344.781155 sending message 112 to peer 0x7b361fc7e0e0 (13 bytes)
1786642344.781792 sending message 112 to peer 0x7b361fc7e0e0 (13 bytes)
1786642344.782638 sending message 112 to peer 0x7b361fc7e0e0 (13 bytes)
1786642344.783391 sending message 112 to peer 0x7b361fc7e0e0 (13 bytes)
1786642344.784058 sending message 112 to peer 0x7b361fc7e0e0 (13 bytes)
1786642344.785037 sending message 112 to peer 0x7b361fc7e0e0 (13 bytes)
1786642344.786181 sending message 112 to peer 0x7b361fc7e0e0 (13 bytes)
1786642344.787048 sending message 112 to peer 0x7b361fc7e0e0 (10 bytes)
1786642344.787797 sending message 112 to peer 0x7b361fc7e0e0 (13 bytes)
1786642344.788508 sending message 112 to peer 0x7b361fc7e0e0 (12 bytes)
1786642344.789249 sending message 112 to peer 0x7b361fc7e0e0 (12 bytes)
1786642344.789951 sending message 112 to peer 0x7b361fc7e0e0 (12 bytes)
1786642344.790715 sending message 112 to peer 0x7b361fc7e0e0 (10 bytes)
1786642344.791289 sending message 112 to peer 0x7b361fc7e0e0 (10 bytes)
1786642344.792177 sending message 112 to peer 0x7b361fc7e0e0 (10 bytes)
1786642344.793013 sending message 112 to peer 0x7b361fc7e0e0 (12 bytes)
1786642344.793722 sending message 112 to peer 0x7b361fc7e0e0 (13 bytes)
1786642344.794460 sending message 112 to peer 0x7b361fc7e0e0 (13 bytes)
1786642344.795257 sending message 112 to peer 0x7b361fc7e0e0 (13 bytes)
1786642344.796421 sending message 112 to peer 0x7b361fc7e0e0 (13 bytes)
1786642344.797428 sending message 112 to peer 0x7b361fc7e0e0 (13 bytes)
1786642344.798377 sending message 112 to peer 0x7b361fc7e0e0 (10 bytes)
1786642344.799131 sending message 112 to peer 0x7b361fc7e0e0 (11 bytes)
1786642344.800062 sending message 112 to peer 0x7b361fc7e0e0 (12 bytes)
1786642344.801312 sending message 112 to peer 0x7b361fc7e0e0 (12 bytes)
1786642344.801948 sending message 112 to peer 0x7b361fc7e0e0 (12 bytes)
1786642344.802424 sending message 112 to peer 0x7b361fc7e0e0 (12 bytes)
1786642344.803111 sending message 112 to peer 0x7b361fc7e0e0 (12 bytes)
1786642344.804144 sending message 112 to peer 0x7b361fc7e0e0 (11 bytes)
1786642344.804820 sending message 112 to peer 0x7b361fc7e0e0 (12 bytes)
1786642344.806199 sending message 112 to peer 0x7b361fc7e0e0 (12 bytes)
1786642344.807518 sending message 112 to peer 0x7b361fc7e0e0 (13 bytes)
1786642344.808377 sending message 112 to peer 0x7b361fc7e0e0 (13 bytes)
1786642344.809087 sending message 112 to peer 0x7b361fc7e0e0 (13 bytes)
1786642344.809935 sending message 112 to peer 0x7b361fc7e0e0 (13 bytes)
1786642344.810655 sending message 112 to peer 0x7b361fc7e0e0 (13 bytes)
1786642344.811958 sending message 112 to peer 0x7b361fc7e0e0 (10 bytes)
1786642344.812988 sending message 112 to peer 0x7b361fc7e0e0 (9 bytes)
1786642344.813789 sending message 112 to peer 0x7b361fc7e0e0 (12 bytes)
1786642344.814704 sending message 112 to peer 0x7b361fc7e0e0 (13 bytes)
1786642344.815740 sending message 112 to peer 0x7b361fc7e0e0 (13 bytes)
1786642344.816666 sending message 112 to peer 0x7b361fc7e0e0 (13 bytes)
1786642344.817313 sending message 112 to peer 0x7b361fc7e0e0 (13 bytes)
1786642344.818074 sending message 112 to peer 0x7b361fc7e0e0 (13 bytes)
1786642344.818793 sending message 112 to peer 0x7b361fc7e0e0 (9 bytes)
1786642344.819738 sending message 112 to peer 0x7b361fc7e0e0 (12 bytes)
1786642344.820626 sending message 112 to peer 0x7b361fc7e0e0 (13 bytes)
1786642344.821593 sending message 112 to peer 0x7b361fc7e0e0 (13 bytes)
1786642344.822337 sending message 112 to peer 0x7b361fc7e0e0 (13 bytes)
1786642344.822863 sending message 112 to peer 0x7b361fc7e0e0 (13 bytes)
1786642344.824275 sending message 112 to peer 0x7b361fc7e0e0 (13 bytes)
1786642344.825248 sending message 112 to peer 0x7b361fc7e0e0 (11 bytes)
1786642344.825939 sending message 112 to peer 0x7b361fc7e0e0 (12 bytes)
1786642344.826690 sending message 112 to peer 0x7b361fc7e0e0 (13 bytes)
1786642344.827608 sending message 112 to peer 0x7b361fc7e0e0 (13 bytes)
1786642344.828332 sending message 112 to peer 0x7b361fc7e0e0 (13 bytes)
1786642344.829100 sending message 112 to peer 0x7b361fc7e0e0 (13 bytes)
1786642344.829968 sending message 112 to peer 0x7b361fc7e0e0 (13 bytes)
1786642344.831261 sending message 112 to peer 0x7b361fc7e0e0 (11 bytes)
1786642344.832384 sending message 112 to peer 0x7b361fc7e0e0 (12 bytes)
1786642344.833405 sending message 112 to peer 0x7b361fc7e0e0 (12 bytes)
1786642344.834366 sending message 112 to peer 0x7b361fc7e0e0 (12 bytes)
1786642344.835123 sending message 112 to peer 0x7b361fc7e0e0 (12 bytes)
1786642344.835591 sending message 112 to peer 0x7b361fc7e0e0 (12 bytes)
1786642344.836346 sending message 112 to peer 0x7b361fc7e0e0 (21 bytes)
1786642344.837241 sending message 112 to peer 0x7b361fc7e0e0 (12 bytes)
1786642344.837778 sending message 112 to peer 0x7b361fc7e0e0 (9 bytes)
1786642344.838381 sending message 112 to peer 0x7b361fc7e0e0 (6 bytes)
1786642344.839166 sending message 112 to peer 0x7b361fc7e0e0 (13 bytes)
1786642344.839639 sending message 112 to peer 0x7b361fc7e0e0 (10 bytes)
1786642344.840059 sending message 112 to peer 0x7b361fc7e0e0 (24 bytes)
1786642344.840492 sending message 112 to peer 0x7b361fc7e0e0 (13 bytes)
1786642344.840875 sending message 112 to peer 0x7b361fc7e0e0 (9 bytes)
1786642344.841297 sending message 112 to peer 0x7b361fc7e0e0 (70 bytes)
1786642344.841727 sending message 112 to peer 0x7b361fc7e0e0 (69 bytes)
1786642344.842225 sending message 112 to peer 0x7b361fc7e0e0 (12 bytes)
1786642344.842604 sending message 112 to peer 0x7b361fc7e0e0 (10 bytes)
1786642344.843421 sending message 112 to peer 0x7b361fc7e0e0 (10 bytes)
1786642344.844237 sending message 112 to peer 0x7b361fc7e0e0 (24 bytes)
1786642344.844714 sending message 112 to peer 0x7b361fc7e0e0 (13 bytes)
1786642344.845326 sending message 112 to peer 0x7b361fc7e0e0 (10 bytes)
1786642344.845798 sending message 112 to peer 0x7b361fc7e0e0 (10 bytes)
1786642344.846203 sending message 112 to peer 0x7b361fc7e0e0 (10 bytes)
1786642344.846585 sending message 112 to peer 0x7b361fc7e0e0 (13 bytes)
1786642344.847103 sending message 112 to peer 0x7b361fc7e0e0 (15 bytes)
1786642344.847507 sending message 112 to peer 0x7b361fc7e0e0 (5 bytes)
1786642344.847934 sending message 104 to peer 0x7b361fc7e0e0 (0 bytes)
1786642344.848334 sending message 110 to peer 0x7b361fc7e0e0 (0 bytes)
1786642344.848715 sending message 107 to peer 0x7b361fc7e0e0 (4 bytes)
1786642344.849135 sending message 105 to peer 0x7b361fc7e0e0 (16 bytes)
1786642344.849745 sending message 105 to peer 0x7b361fc7e0e0 (59 bytes)
1786642344.850225 sending message 105 to peer 0x7b361fc7e0e0 (24 bytes)
1786642344.850757 sending message 105 to peer 0x7b361fc7e0e0 (23 bytes)
1786642344.851151 sending message 105 to peer 0x7b361fc7e0e0 (21 bytes)
1786642344.851512 sending message 105 to peer 0x7b361fc7e0e0 (43 bytes)
1786642344.851963 sending message 105 to peer 0x7b361fc7e0e0 (12 bytes)
1786642344.852333 sending message 105 to peer 0x7b361fc7e0e0 (15 bytes)
1786642344.852711 sending message 105 to peer 0x7b361fc7e0e0 (13 bytes)
1786642344.853164 sending message 105 to peer 0x7b361fc7e0e0 (33 bytes)
1786642344.853528 sending message 105 to peer 0x7b361fc7e0e0 (1764 bytes)
1786642344.853915 sending message 105 to peer 0x7b361fc7e0e0 (26 bytes)
1786642344.854505 sending message 105 to peer 0x7b361fc7e0e0 (23 bytes)
1786642344.855214 sending message 105 to peer 0x7b361fc7e0e0 (34 bytes)
1786642344.855810 sending message 105 to peer 0x7b361fc7e0e0 (20 bytes)
1786642344.857313 sending message 105 to peer 0x7b361fc7e0e0 (32 bytes)
1786642344.857975 sending message 105 to peer 0x7b361fc7e0e0 (9 bytes)
1786642344.859000 sending message 105 to peer 0x7b361fc7e0e0 (11 bytes)
1786642344.859938 sending message 105 to peer 0x7b361fc7e0e0 (8 bytes)
1786642344.861017 sending message 105 to peer 0x7b361fc7e0e0 (14 bytes)
1786642344.861801 sending message 105 to peer 0x7b361fc7e0e0 (31 bytes)
1786642344.862736 sending message 105 to peer 0x7b361fc7e0e0 (8 bytes)
1786642344.863487 sending message 105 to peer 0x7b361fc7e0e0 (65 bytes)
1786642344.864317 sending message 105 to peer 0x7b361fc7e0e0 (1377 bytes)
1786642344.865178 sending message 105 to peer 0x7b361fc7e0e0 (54 bytes)
1786642344.865853 sending message 105 to peer 0x7b361fc7e0e0 (50 bytes)
1786642344.866517 sending message 105 to peer 0x7b361fc7e0e0 (16 bytes)
1786642344.867154 sending message 105 to peer 0x7b361fc7e0e0 (40 bytes)
1786642344.867837 sending message 105 to peer 0x7b361fc7e0e0 (16 bytes)
1786642344.868790 sending message 106 to peer 0x7b361fc7e0e0 (0 bytes)
1786642344.869905 sending message 200 to peer 0x7b361fc7e0e0 (4 bytes)
1786642344.871062 client loop enter
1786642344.923594 peer 0x7b361fc7e0e0 message 207
1786642344.924446 sending message 208 to peer 0x7b361fc7e0e0 (0 bytes)
1786642727.172786 client_signal: Window changed
1786642727.174112 sending message 208 to peer 0x7b361fc7e0e0 (0 bytes)
1786642732.214634 client_signal: Window changed
1786642732.215915 sending message 208 to peer 0x7b361fc7e0e0 (0 bytes)
1786655778.106096 peer 0x7b361fc7e0e0 message 203
1786655778.442045 sending message 205 to peer 0x7b361fc7e0e0 (0 bytes)
1786655779.048195 peer 0x7b361fc7e0e0 message 204
1786655779.199861 client loop exit
